一.Seral Old(串行GC)收集器
    Serial Old是Serial收集器的老年代版本，它同样使用一个单线程执行收集，使用“标记-整理”算法。主要使用在Client模式下的虚拟机。如果在Server模式下，那么它还有两大用途：一种用途是在JDK1.5以及之前的版本中与Parallel Scavenge收集器搭配使用，另一种用途是作为CMS收集器的后备预案，在并并发手机发生Concurrent Mode Failure时使用。

二.Parallel Old(并行GC)收集器
    Parallel Old是Parallel Scavenge收集器的老年代版本，使用多线程和“标记-整理”算法。在注重吞吐量以及CPU资源敏感的场合，都可以优先考虑Parallel Scavenge收集器加Parallel Old收集器。

三.CMS(并发GC)收集器
    CMS(Concurrent Mark Sweep)收集器是一种以获取最短回收停顿时间为目标的收集器，适用于集中在互联网站或者B/S系统的服务端的Java应用。CMS收集器是基于“标记-清除”算法实现的，整个收集过程大致分为4个步骤：
①.初始标记(CMS initial mark)
②.并发标记(CMS concurrenr mark)
③.重新标记(CMS remark)
④.并发清除(CMS concurrent sweep)
     其中初始标记、重新标记这两个步骤任然需要停顿其他用户线程。初始标记仅仅只是标记出GC ROOTS能直接关联到的对象，速度很快，并发标记阶段是进行GC ROOTS 根搜索算法阶段，会判定对象是否存活。而重新标记阶段则是为了修正并发标记期间，因用户程序继续运行而导致标记产生变动的那一部分对象的标记记录，这个阶段的停顿时间会被初始标记阶段稍长，但比并发标记阶段要短。
     由于整个过程中耗时最长的并发标记和并发清除过程中，收集器线程都可以与用户线程一起工作，所以整体来说，CMS收集器的内存回收过程是与用户线程一起并发执行的。
CMS收集器的优点：并发收集、低停顿，但是CMS还远远达不到完美，主要有三个显著缺点：cpu敏感，浮动垃圾，空间碎片
　　CMS收集器对CPU资源非常敏感。在并发阶段，虽然不会导致用户线程停顿，但是会占用CPU资源而导致引用程序变慢，总吞吐量下降。CMS默认启动的回收线程数是：(CPU数量+3) / 4。
　　CMS收集器无法处理浮动垃圾，可能出现“Concurrent Mode Failure“，失败后而导致另一次Full  GC的产生。由于CMS并发清理阶段用户线程还在运行，伴随程序的运行自热会有新的垃圾不断产生，这一部分垃圾出现在标记过程之后，CMS无法在本次收集中处理它们，只好留待下一次GC时将其清理掉。这一部分垃圾称为“浮动垃圾”。也是由于在垃圾收集阶段用户线程还需要运行，
即需要预留足够的内存空间给用户线程使用，因此CMS收集器不能像其他收集器那样等到老年代几乎完全被填满了再进行收集，需要预留一部分内存空间提供并发收集时的程序运作使用。在默认设置下，CMS收集器在老年代使用了68%的空间时就会被激活，也可以通过参数-XX:CMSInitiatingOccupancyFraction的值来提供触发百分比，以降低内存回收次数提高性能。要是CMS运行期间预留的内存无法满足程序其他线程需要，就会出现“Concurrent Mode Failure”失败，这时候虚拟机将启动后备预案：临时启用Serial Old收集器来重新进行老年代的垃圾收集，这样停顿时间就很长了。所以说参数-XX:CMSInitiatingOccupancyFraction设置的过高将会很容易导致“Concurrent Mode Failure”失败，性能反而降低。
　　最后一个缺点，CMS是基于“标记-清除”算法实现的收集器，使用“标记-清除”算法收集后，会产生大量碎片。空间碎片太多时，将会给对象分配带来很多麻烦，比如说大对象，内存空间找不到连续的空间来分配不得不提前触发一次Full  GC。为了解决这个问题，CMS收集器提供了一个-XX:UseCMSCompactAtFullCollection开关参数，用于在Full  GC之后增加一个碎片整理过程，还可通过-XX:CMSFullGCBeforeCompaction参数设置执行多少次不压缩的Full  GC之后，跟着来一次碎片整理过程。

四.G1Gc
    会在无法分配对象或者巨型对象无法获得连续分区来分配空间时，优先尝试扩展堆空间来获得更多的可用分区。
原则上G1会计算执行GC的时间，并且极力减少花在GC上的时间（包括ygc,mixgc）,如果可能，会通过不断扩展堆空间来满足对象分配、转移的需要。
G1的首要目标是为需要大量内存的系统提供一个保证GC低延迟的解决方案. 也就是说堆内存最低在6GB及以上,稳定和可预测的暂停时间小于0.5秒.
如果应用程序具有如下的一个或多个特征,那么将垃圾收集器从CMS或ParallelOldGC切换到G1将会大大提升性能.
1）Full GC 次数太频繁或者消耗时间太长.
2）受够了太长的垃圾回收或内存整理时间(0.5-1s）

/////////////////////////////////////////////////////////////////////////////////////
串行GC演示(UseSerialGC)
[GC (Allocation Failure) [DefNew: 69952K->8704K(78656K), 0.0227087 secs] 69952K->25355K(253440K), 0.0227972 secs] [Times: user=0.06 sys=0.02, real=0.02 secs] 
[GC (Allocation Failure) [DefNew: 78656K->8700K(78656K), 0.0287137 secs] 95307K->51903K(253440K), 0.0287593 secs] [Times: user=0.03 sys=0.00, real=0.03 secs] 
[GC (Allocation Failure) [DefNew: 78652K->8699K(78656K), 0.0240669 secs] 121855K->81145K(253440K), 0.0241092 secs] [Times: user=0.03 sys=0.00, real=0.02 secs] 
[GC (Allocation Failure) [DefNew: 78348K->8703K(78656K), 0.0229578 secs] 150793K->106950K(253440K), 0.0229983 secs] [Times: user=0.00 sys=0.02, real=0.02 secs] 
[GC (Allocation Failure) [DefNew: 78510K->8703K(78656K), 0.0225738 secs] 176757K->132719K(253440K), 0.0226166 secs] [Times: user=0.00 sys=0.02, real=0.02 secs] 
[GC (Allocation Failure) [DefNew: 78640K->8703K(78656K), 0.0204732 secs] 202656K->153911K(253440K), 0.0205225 secs] [Times: user=0.02 sys=0.00, real=0.02 secs] 
[GC (Allocation Failure) [DefNew: 78655K->8704K(78656K), 0.0225353 secs] 223863K->177232K(253440K), 0.0225799 secs] [Times: user=0.02 sys=0.00, real=0.02 secs] 
[GC (Allocation Failure) [DefNew: 78656K->8703K(78656K), 0.0261164 secs][Tenured: 194038K->178748K(194168K), 0.0393886 secs] 247184K->178748K(272824K), [Metaspace: 4092K->4092K(1056768K)], 0.0663660 secs] [Times: user=0.05 sys=0.02, real=0.07 secs] 
[GC (Allocation Failure) [DefNew: 119296K->14847K(134144K), 0.0275824 secs] 298044K->223609K(432060K), 0.0276248 secs] [Times: user=0.00 sys=0.03, real=0.03 secs] 
[GC (Allocation Failure) [DefNew: 134143K->14846K(134144K), 0.0418540 secs] 342905K->259965K(432060K), 0.0419015 secs] [Times: user=0.05 sys=0.00, real=0.04 secs] 
[GC (Allocation Failure) [DefNew: 134007K->14847K(134144K), 0.0271187 secs] 379126K->296893K(432060K), 0.0271550 secs] [Times: user=0.01 sys=0.02, real=0.03 secs] 
[GC (Allocation Failure) [DefNew: 134056K->14847K(134144K), 0.0233119 secs][Tenured: 318967K->253538K(319068K), 0.0466102 secs] 416103K->253538K(453212K), [Metaspace: 4096K->4096K(1056768K)], 0.0704188 secs] [Times: user=0.08 sys=0.00, real=0.07 secs] 
[GC (Allocation Failure) [DefNew: 169088K->21119K(190208K), 0.0229112 secs] 422626K->313995K(612776K), 0.0229490 secs] [Times: user=0.02 sys=0.02, real=0.02 secs] 
[GC (Allocation Failure) [DefNew: 190207K->21119K(190208K), 0.0360891 secs] 483083K->366936K(612776K), 0.0361342 secs] [Times: user=0.05 sys=0.00, real=0.04 secs] 
执行结束!共生成对象次数:5681
Heap
 def new generation   total 190208K, used 176142K [0x00000006c1e00000, 0x00000006cec60000, 0x0000000716950000)
  eden space 169088K,  91% used [0x00000006c1e00000, 0x00000006cb563a98, 0x00000006cc320000)
  from space 21120K,  99% used [0x00000006cc320000, 0x00000006cd7bff18, 0x00000006cd7c0000)
  to   space 21120K,   0% used [0x00000006cd7c0000, 0x00000006cd7c0000, 0x00000006cec60000)
 tenured generation   total 422568K, used 345817K [0x0000000716950000, 0x00000007305fa000, 0x00000007c0000000)
   the space 422568K,  81% used [0x0000000716950000, 0x000000072bb06468, 0x000000072bb06600, 0x00000007305fa000)
 Metaspace       used 4107K, capacity 4572K, committed 4864K, reserved 1056768K
  class space    used 455K, capacity 460K, committed 512K, reserved 1048576K
  
/////////////////////////////////////////////////////////////////////////////////////

并行GC演示(UseParallelGC)
[GC (Allocation Failure) [PSYoungGen: 65536K->10739K(76288K)] 65536K->23575K(251392K), 0.0140148 secs] [Times: user=0.05 sys=0.02, real=0.01 secs] 
[GC (Allocation Failure) [PSYoungGen: 76179K->10745K(141824K)] 89014K->44373K(316928K), 0.0100904 secs] [Times: user=0.05 sys=0.01, real=0.01 secs] 
[GC (Allocation Failure) [PSYoungGen: 141817K->10751K(141824K)] 175445K->83426K(316928K), 0.0206779 secs] [Times: user=0.02 sys=0.03, real=0.02 secs] 
[GC (Allocation Failure) [PSYoungGen: 141823K->10749K(272896K)] 214498K->121940K(448000K), 0.0209760 secs] [Times: user=0.02 sys=0.05, real=0.02 secs] 
[GC (Allocation Failure) [PSYoungGen: 272893K->10736K(272896K)] 384084K->209736K(472064K), 0.0432945 secs] [Times: user=0.05 sys=0.11, real=0.04 secs] 
[Full GC (Ergonomics) [PSYoungGen: 10736K->0K(272896K)] [ParOldGen: 198999K->176232K(338944K)] 209736K->176232K(611840K), [Metaspace: 3614K->3614K(1056768K)], 0.0461172 secs] [Times: user=0.08 sys=0.00, real=0.05 secs] 
[GC (Allocation Failure) [PSYoungGen: 262144K->77686K(559104K)] 438376K->253927K(898048K), 0.0312011 secs] [Times: user=0.06 sys=0.05, real=0.03 secs] 
执行结束!共生成对象次数:5133
Heap
 PSYoungGen      total 559104K, used 553140K [0x000000076b500000, 0x0000000796000000, 0x00000007c0000000)
  eden space 481280K, 98% used [0x000000076b500000,0x000000078854f6e0,0x0000000788b00000)
  from space 77824K, 99% used [0x0000000791400000,0x0000000795fdda50,0x0000000796000000)
  to   space 104960K, 0% used [0x0000000789300000,0x0000000789300000,0x000000078f980000)
 ParOldGen       total 338944K, used 176240K [0x00000006c1e00000, 0x00000006d6900000, 0x000000076b500000)
  object space 338944K, 51% used [0x00000006c1e00000,0x00000006cca1c360,0x00000006d6900000)
 Metaspace       used 4119K, capacity 4572K, committed 4864K, reserved 1056768K
  class space    used 455K, capacity 460K, committed 512K, reserved 1048576K
  
/////////////////////////////////////////////////////////////////////////////////////

CMS演示(UseConcMarkSweepGC)
[GC (Allocation Failure) [ParNew: 69553K->8703K(78656K), 0.0118368 secs] 69553K->24612K(253440K), 0.0119310 secs] [Times: user=0.00 sys=0.00, real=0.01 secs] 
[GC (Allocation Failure) [ParNew: 78655K->8702K(78656K), 0.0099804 secs] 94564K->45380K(253440K), 0.0100365 secs] [Times: user=0.00 sys=0.00, real=0.01 secs] 
[GC (Allocation Failure) [ParNew: 78654K->8703K(78656K), 0.0187625 secs] 115332K->71902K(253440K), 0.0188270 secs] [Times: user=0.05 sys=0.02, real=0.02 secs] 
[GC (Allocation Failure) [ParNew: 78378K->8704K(78656K), 0.0174592 secs] 141577K->95775K(253440K), 0.0175177 secs] [Times: user=0.06 sys=0.00, real=0.02 secs] 
[GC (Allocation Failure) [ParNew: 78380K->8703K(78656K), 0.0157891 secs] 165451K->116014K(253440K), 0.0158496 secs] [Times: user=0.03 sys=0.03, real=0.02 secs] 
[GC (CMS Initial Mark) [1 CMS-initial-mark: 107310K(174784K)] 116540K(253440K), 0.0002614 secs] [Times: user=0.00 sys=0.00, real=0.00 secs] 
[CMS-concurrent-mark-start]
[CMS-concurrent-mark: 0.052/0.052 secs] [Times: user=0.09 sys=0.02, real=0.05 secs] 
[GC (Allocation Failure) [ParNew: 78655K->8702K(78656K), 0.0152152 secs] 185966K->137017K(253440K), 0.0152694 secs] [Times: user=0.01 sys=0.02, real=0.02 secs] 
[CMS-concurrent-preclean-start]
[CMS-concurrent-preclean: 0.001/0.001 secs] [Times: user=0.00 sys=0.00, real=0.00 secs] 
[CMS-concurrent-abortable-preclean-start]
[GC (Allocation Failure) [ParNew: 78654K->8703K(78656K), 0.0172828 secs] 206969K->160811K(253440K), 0.0173380 secs] [Times: user=0.03 sys=0.02, real=0.02 secs] 
[GC (Allocation Failure) [ParNew: 78346K->8701K(78656K), 0.0168119 secs] 230455K->184367K(255476K), 0.0168607 secs] [Times: user=0.05 sys=0.00, real=0.02 secs] 
[GC (Allocation Failure) [ParNew: 78477K->8702K(78656K), 0.0199681 secs] 254143K->209922K(280996K), 0.0200297 secs] [Times: user=0.03 sys=0.02, real=0.02 secs] 
[GC (Allocation Failure) [ParNew: 78654K->8703K(78656K), 0.0163649 secs] 279874K->231020K(301996K), 0.0164129 secs] [Times: user=0.03 sys=0.01, real=0.02 secs] 
[GC (Allocation Failure) [ParNew: 77913K->8703K(78656K), 0.0165118 secs] 300230K->253420K(324576K), 0.0165696 secs] [Times: user=0.05 sys=0.00, real=0.02 secs] 
[GC (Allocation Failure) [ParNew: 78629K->8702K(78656K), 0.0174141 secs] 323346K->276804K(347792K), 0.0174571 secs] [Times: user=0.05 sys=0.00, real=0.02 secs] 
[GC (Allocation Failure) [ParNew: 78654K->8704K(78656K), 0.0173060 secs] 346756K->299199K(370188K), 0.0173540 secs] [Times: user=0.03 sys=0.02, real=0.02 secs] 
[GC (Allocation Failure) [ParNew: 78300K->8701K(78656K), 0.0213508 secs] 368796K->325447K(396780K), 0.0214068 secs] [Times: user=0.09 sys=0.01, real=0.02 secs] 
[GC (Allocation Failure) [ParNew: 78512K->8694K(78656K), 0.0179354 secs] 395258K->346698K(417868K), 0.0179999 secs] [Times: user=0.03 sys=0.02, real=0.02 secs] 
[GC (Allocation Failure) [ParNew: 78292K->8702K(78656K), 0.0171607 secs] 416295K->368633K(439928K), 0.0172056 secs] [Times: user=0.03 sys=0.02, real=0.02 secs] 
[GC (Allocation Failure) [ParNew: 78654K->8703K(78656K), 0.0183863 secs] 438585K->390236K(461420K), 0.0184323 secs] [Times: user=0.03 sys=0.02, real=0.02 secs] 
[GC (Allocation Failure) [ParNew: 78655K->8703K(78656K), 0.0190785 secs] 460188K->413032K(484312K), 0.0191359 secs] [Times: user=0.03 sys=0.02, real=0.02 secs] 
[GC (Allocation Failure) [ParNew: 78655K->8703K(78656K), 0.0208675 secs] 482984K->440455K(511624K), 0.0209243 secs] [Times: user=0.03 sys=0.02, real=0.02 secs] 
[GC (Allocation Failure) [ParNew: 78476K->8696K(78656K), 0.0206514 secs] 510228K->467626K(538944K), 0.0207071 secs] [Times: user=0.08 sys=0.01, real=0.02 secs] 
[GC (Allocation Failure) [ParNew: 78613K->8702K(78656K), 0.0162324 secs] 537544K->488468K(559752K), 0.0162803 secs] [Times: user=0.03 sys=0.02, real=0.02 secs] 
[GC (Allocation Failure) [ParNew: 78654K->8702K(78656K), 0.0206869 secs] 558420K->514553K(585884K), 0.0207343 secs] [Times: user=0.05 sys=0.00, real=0.02 secs] 
[GC (Allocation Failure) [ParNew: 78567K->8703K(78656K), 0.0195478 secs] 584418K->538469K(609668K), 0.0196023 secs] [Times: user=0.00 sys=0.05, real=0.02 secs] 
[GC (Allocation Failure) [ParNew: 78511K->8702K(78656K), 0.0251892 secs] 608277K->566424K(637776K), 0.0252480 secs] [Times: user=0.08 sys=0.00, real=0.03 secs] 
[GC (Allocation Failure) [ParNew: 78654K->8698K(78656K), 0.0256719 secs] 636376K->594373K(665688K), 0.0257209 secs] [Times: user=0.08 sys=0.02, real=0.03 secs] 
执行结束!共生成对象次数:6494
Heap
 par new generation   total 78656K, used 11920K [0x00000006c1e00000, 0x00000006c7350000, 0x00000006d6ac0000)
  eden space 69952K,   4% used [0x00000006c1e00000, 0x00000006c2125990, 0x00000006c6250000)
  from space 8704K,  99% used [0x00000006c6ad0000, 0x00000006c734e848, 0x00000006c7350000)
  to   space 8704K,   0% used [0x00000006c6250000, 0x00000006c6250000, 0x00000006c6ad0000)
 concurrent mark-sweep generation total 587032K, used 585675K [0x00000006d6ac0000, 0x00000006fa806000, 0x00000007c0000000)
 Metaspace       used 4097K, capacity 4572K, committed 4864K, reserved 1056768K
  class space    used 455K, capacity 460K, committed 512K, reserved 1048576K
  
/////////////////////////////////////////////////////////////////////////////////////

G1演示(UseG1GC)  
[GC pause (G1 Evacuation Pause) (young), 0.0037684 secs]
   [Parallel Time: 2.7 ms, GC Workers: 4]
      [GC Worker Start (ms): Min: 740.5, Avg: 740.5, Max: 740.5, Diff: 0.0]
      [Ext Root Scanning (ms): Min: 0.2, Avg: 0.3, Max: 0.4, Diff: 0.2, Sum: 1.2]
      [Update RS (ms): Min: 0.0, Avg: 0.0, Max: 0.0, Diff: 0.0, Sum: 0.0]
         [Processed Buffers: Min: 0, Avg: 0.0, Max: 0, Diff: 0, Sum: 0]
      [Scan RS (ms): Min: 0.0, Avg: 0.0, Max: 0.0, Diff: 0.0, Sum: 0.0]
      [Code Root Scanning (ms): Min: 0.0, Avg: 0.0, Max: 0.0, Diff: 0.0, Sum: 0.0]
      [Object Copy (ms): Min: 1.5, Avg: 1.7, Max: 1.7, Diff: 0.2, Sum: 6.6]
      [Termination (ms): Min: 0.0, Avg: 0.3, Max: 0.7, Diff: 0.7, Sum: 1.4]
         [Termination Attempts: Min: 1, Avg: 1.5, Max: 2, Diff: 1, Sum: 6]
      [GC Worker Other (ms): Min: 0.0, Avg: 0.0, Max: 0.1, Diff: 0.0, Sum: 0.2]
      [GC Worker Total (ms): Min: 2.0, Avg: 2.4, Max: 2.7, Diff: 0.7, Sum: 9.5]
      [GC Worker End (ms): Min: 742.6, Avg: 742.9, Max: 743.2, Diff: 0.6]
   [Code Root Fixup: 0.0 ms]
   [Code Root Purge: 0.0 ms]
   [Clear CT: 0.1 ms]
   [Other: 1.0 ms]
      [Choose CSet: 0.0 ms]
      [Ref Proc: 0.7 ms]
      [Ref Enq: 0.0 ms]
      [Redirty Cards: 0.0 ms]
      [Humongous Register: 0.0 ms]
      [Humongous Reclaim: 0.0 ms]
      [Free CSet: 0.0 ms]
   [Eden: 14.0M(14.0M)->0.0B(16.0M) Survivors: 0.0B->2048.0K Heap: 19.1M(256.0M)->6130.3K(256.0M)]
 [Times: user=0.00 sys=0.00, real=0.00 secs] 
[GC pause (G1 Evacuation Pause) (young), 0.0038086 secs]
   [Parallel Time: 3.3 ms, GC Workers: 4]
      [GC Worker Start (ms): Min: 790.9, Avg: 790.9, Max: 791.0, Diff: 0.1]
      [Ext Root Scanning (ms): Min: 0.1, Avg: 0.2, Max: 0.3, Diff: 0.2, Sum: 0.9]
      [Update RS (ms): Min: 0.1, Avg: 0.2, Max: 0.3, Diff: 0.1, Sum: 0.8]
         [Processed Buffers: Min: 1, Avg: 1.3, Max: 2, Diff: 1, Sum: 5]
      [Scan RS (ms): Min: 0.0, Avg: 0.0, Max: 0.0, Diff: 0.0, Sum: 0.0]
      [Code Root Scanning (ms): Min: 0.0, Avg: 0.0, Max: 0.1, Diff: 0.1, Sum: 0.1]
      [Object Copy (ms): Min: 2.4, Avg: 2.6, Max: 2.7, Diff: 0.4, Sum: 10.4]
      [Termination (ms): Min: 0.0, Avg: 0.2, Max: 0.2, Diff: 0.2, Sum: 0.6]
         [Termination Attempts: Min: 1, Avg: 1.0, Max: 1, Diff: 0, Sum: 4]
      [GC Worker Other (ms): Min: 0.0, Avg: 0.0, Max: 0.0, Diff: 0.0, Sum: 0.1]
      [GC Worker Total (ms): Min: 3.1, Avg: 3.2, Max: 3.3, Diff: 0.2, Sum: 12.8]
      [GC Worker End (ms): Min: 794.1, Avg: 794.1, Max: 794.2, Diff: 0.1]
   [Code Root Fixup: 0.0 ms]
   [Code Root Purge: 0.0 ms]
   [Clear CT: 0.1 ms]
   [Other: 0.4 ms]
      [Choose CSet: 0.0 ms]
      [Ref Proc: 0.1 ms]
      [Ref Enq: 0.0 ms]
      [Redirty Cards: 0.1 ms]
      [Humongous Register: 0.0 ms]
      [Humongous Reclaim: 0.0 ms]
      [Free CSet: 0.0 ms]
   [Eden: 16.0M(16.0M)->0.0B(23.0M) Survivors: 2048.0K->3072.0K Heap: 29.0M(256.0M)->14.3M(256.0M)]
 [Times: user=0.00 sys=0.00, real=0.00 secs] 
[GC pause (G1 Evacuation Pause) (young), 0.0055982 secs]
   [Parallel Time: 4.9 ms, GC Workers: 4]
      [GC Worker Start (ms): Min: 815.5, Avg: 816.6, Max: 820.1, Diff: 4.6]
      [Ext Root Scanning (ms): Min: 0.0, Avg: 0.1, Max: 0.2, Diff: 0.2, Sum: 0.6]
      [Update RS (ms): Min: 0.0, Avg: 0.4, Max: 0.6, Diff: 0.6, Sum: 1.6]
         [Processed Buffers: Min: 0, Avg: 1.8, Max: 3, Diff: 3, Sum: 7]
      [Scan RS (ms): Min: 0.0, Avg: 0.0, Max: 0.0, Diff: 0.0, Sum: 0.0]
      [Code Root Scanning (ms): Min: 0.0, Avg: 0.0, Max: 0.0, Diff: 0.0, Sum: 0.0]
      [Object Copy (ms): Min: 0.1, Avg: 3.0, Max: 4.0, Diff: 3.9, Sum: 12.0]
      [Termination (ms): Min: 0.0, Avg: 0.1, Max: 0.1, Diff: 0.1, Sum: 0.4]
         [Termination Attempts: Min: 1, Avg: 1.0, Max: 1, Diff: 0, Sum: 4]
      [GC Worker Other (ms): Min: 0.0, Avg: 0.0, Max: 0.0, Diff: 0.0, Sum: 0.0]
      [GC Worker Total (ms): Min: 0.2, Avg: 3.7, Max: 4.8, Diff: 4.6, Sum: 14.6]
      [GC Worker End (ms): Min: 820.3, Avg: 820.3, Max: 820.3, Diff: 0.0]
   [Code Root Fixup: 0.0 ms]
   [Code Root Purge: 0.0 ms]
   [Clear CT: 0.0 ms]
   [Other: 0.7 ms]
      [Choose CSet: 0.0 ms]
      [Ref Proc: 0.4 ms]
      [Ref Enq: 0.0 ms]
      [Redirty Cards: 0.0 ms]
      [Humongous Register: 0.0 ms]
      [Humongous Reclaim: 0.0 ms]
      [Free CSet: 0.0 ms]
   [Eden: 23.0M(23.0M)->0.0B(29.0M) Survivors: 3072.0K->4096.0K Heap: 41.2M(256.0M)->25.9M(256.0M)]
 [Times: user=0.00 sys=0.00, real=0.01 secs] 
[GC pause (G1 Evacuation Pause) (young), 0.0057046 secs]
   [Parallel Time: 4.7 ms, GC Workers: 4]
      [GC Worker Start (ms): Min: 846.7, Avg: 847.8, Max: 851.2, Diff: 4.6]
      [Ext Root Scanning (ms): Min: 0.0, Avg: 0.2, Max: 0.2, Diff: 0.2, Sum: 0.6]
      [Update RS (ms): Min: 0.0, Avg: 0.0, Max: 0.1, Diff: 0.1, Sum: 0.1]
         [Processed Buffers: Min: 0, Avg: 1.3, Max: 2, Diff: 2, Sum: 5]
      [Scan RS (ms): Min: 0.0, Avg: 0.0, Max: 0.0, Diff: 0.0, Sum: 0.0]
      [Code Root Scanning (ms): Min: 0.0, Avg: 0.0, Max: 0.0, Diff: 0.0, Sum: 0.0]
      [Object Copy (ms): Min: 0.0, Avg: 3.2, Max: 4.3, Diff: 4.3, Sum: 12.9]
      [Termination (ms): Min: 0.0, Avg: 0.1, Max: 0.1, Diff: 0.1, Sum: 0.2]
         [Termination Attempts: Min: 1, Avg: 1.0, Max: 1, Diff: 0, Sum: 4]
      [GC Worker Other (ms): Min: 0.0, Avg: 0.0, Max: 0.0, Diff: 0.0, Sum: 0.0]
      [GC Worker Total (ms): Min: 0.0, Avg: 3.5, Max: 4.7, Diff: 4.6, Sum: 13.9]
      [GC Worker End (ms): Min: 851.3, Avg: 851.3, Max: 851.3, Diff: 0.1]
   [Code Root Fixup: 0.0 ms]
   [Code Root Purge: 0.0 ms]
   [Clear CT: 0.0 ms]
   [Other: 1.0 ms]
      [Choose CSet: 0.0 ms]
      [Ref Proc: 0.5 ms]
      [Ref Enq: 0.0 ms]
      [Redirty Cards: 0.0 ms]
      [Humongous Register: 0.1 ms]
      [Humongous Reclaim: 0.1 ms]
      [Free CSet: 0.0 ms]
   [Eden: 29.0M(29.0M)->0.0B(50.0M) Survivors: 4096.0K->5120.0K Heap: 64.0M(256.0M)->38.8M(256.0M)]
 [Times: user=0.00 sys=0.00, real=0.01 secs] 
[GC pause (G1 Evacuation Pause) (young), 0.0066760 secs]
   [Parallel Time: 6.3 ms, GC Workers: 4]
      [GC Worker Start (ms): Min: 920.8, Avg: 920.8, Max: 920.8, Diff: 0.0]
      [Ext Root Scanning (ms): Min: 0.2, Avg: 0.2, Max: 0.4, Diff: 0.3, Sum: 0.9]
      [Update RS (ms): Min: 0.0, Avg: 0.2, Max: 0.3, Diff: 0.3, Sum: 0.8]
         [Processed Buffers: Min: 0, Avg: 2.8, Max: 4, Diff: 4, Sum: 11]
      [Scan RS (ms): Min: 0.0, Avg: 0.0, Max: 0.0, Diff: 0.0, Sum: 0.1]
      [Code Root Scanning (ms): Min: 0.0, Avg: 0.0, Max: 0.0, Diff: 0.0, Sum: 0.0]
      [Object Copy (ms): Min: 5.5, Avg: 5.6, Max: 5.8, Diff: 0.3, Sum: 22.2]
      [Termination (ms): Min: 0.0, Avg: 0.2, Max: 0.3, Diff: 0.3, Sum: 0.9]
         [Termination Attempts: Min: 1, Avg: 1.0, Max: 1, Diff: 0, Sum: 4]
      [GC Worker Other (ms): Min: 0.0, Avg: 0.0, Max: 0.0, Diff: 0.0, Sum: 0.0]
      [GC Worker Total (ms): Min: 6.2, Avg: 6.2, Max: 6.2, Diff: 0.1, Sum: 24.9]
      [GC Worker End (ms): Min: 927.0, Avg: 927.0, Max: 927.0, Diff: 0.0]
   [Code Root Fixup: 0.0 ms]
   [Code Root Purge: 0.0 ms]
   [Clear CT: 0.0 ms]
   [Other: 0.4 ms]
      [Choose CSet: 0.0 ms]
      [Ref Proc: 0.1 ms]
      [Ref Enq: 0.0 ms]
      [Redirty Cards: 0.1 ms]
      [Humongous Register: 0.0 ms]
      [Humongous Reclaim: 0.0 ms]
      [Free CSet: 0.0 ms]
   [Eden: 50.0M(50.0M)->0.0B(54.0M) Survivors: 5120.0K->7168.0K Heap: 100.0M(256.0M)->61.8M(256.0M)]
 [Times: user=0.03 sys=0.02, real=0.01 secs] 
[GC pause (G1 Evacuation Pause) (young), 0.0085515 secs]
   [Parallel Time: 8.1 ms, GC Workers: 4]
      [GC Worker Start (ms): Min: 983.8, Avg: 985.8, Max: 991.6, Diff: 7.8]
      [Ext Root Scanning (ms): Min: 0.0, Avg: 0.1, Max: 0.2, Diff: 0.2, Sum: 0.6]
      [Update RS (ms): Min: 0.0, Avg: 0.2, Max: 0.4, Diff: 0.4, Sum: 1.0]
         [Processed Buffers: Min: 0, Avg: 2.3, Max: 4, Diff: 4, Sum: 9]
      [Scan RS (ms): Min: 0.0, Avg: 0.0, Max: 0.0, Diff: 0.0, Sum: 0.1]
      [Code Root Scanning (ms): Min: 0.0, Avg: 0.0, Max: 0.0, Diff: 0.0, Sum: 0.0]
      [Object Copy (ms): Min: 0.0, Avg: 5.4, Max: 7.4, Diff: 7.4, Sum: 21.8]
      [Termination (ms): Min: 0.0, Avg: 0.1, Max: 0.3, Diff: 0.3, Sum: 0.5]
         [Termination Attempts: Min: 1, Avg: 1.0, Max: 1, Diff: 0, Sum: 4]
      [GC Worker Other (ms): Min: 0.0, Avg: 0.0, Max: 0.0, Diff: 0.0, Sum: 0.1]
      [GC Worker Total (ms): Min: 0.1, Avg: 6.0, Max: 8.1, Diff: 8.0, Sum: 23.9]
      [GC Worker End (ms): Min: 991.7, Avg: 991.7, Max: 991.9, Diff: 0.2]
   [Code Root Fixup: 0.0 ms]
   [Code Root Purge: 0.0 ms]
   [Clear CT: 0.1 ms]
   [Other: 0.4 ms]
      [Choose CSet: 0.0 ms]
      [Ref Proc: 0.1 ms]
      [Ref Enq: 0.0 ms]
      [Redirty Cards: 0.0 ms]
      [Humongous Register: 0.0 ms]
      [Humongous Reclaim: 0.0 ms]
      [Free CSet: 0.0 ms]
   [Eden: 54.0M(54.0M)->0.0B(112.0M) Survivors: 7168.0K->8192.0K Heap: 129.0M(256.0M)->82.1M(256.0M)]
 [Times: user=0.05 sys=0.00, real=0.01 secs] 
[GC pause (G1 Humongous Allocation) (young) (initial-mark), 0.0101700 secs]
   [Parallel Time: 9.6 ms, GC Workers: 4]
      [GC Worker Start (ms): Min: 1073.0, Avg: 1073.0, Max: 1073.0, Diff: 0.0]
      [Ext Root Scanning (ms): Min: 0.3, Avg: 0.4, Max: 0.4, Diff: 0.1, Sum: 1.4]
      [Update RS (ms): Min: 0.4, Avg: 0.4, Max: 0.4, Diff: 0.0, Sum: 1.7]
         [Processed Buffers: Min: 5, Avg: 5.5, Max: 6, Diff: 1, Sum: 22]
      [Scan RS (ms): Min: 0.0, Avg: 0.0, Max: 0.0, Diff: 0.0, Sum: 0.0]
      [Code Root Scanning (ms): Min: 0.0, Avg: 0.0, Max: 0.0, Diff: 0.0, Sum: 0.0]
      [Object Copy (ms): Min: 8.5, Avg: 8.6, Max: 8.7, Diff: 0.2, Sum: 34.4]
      [Termination (ms): Min: 0.0, Avg: 0.1, Max: 0.2, Diff: 0.2, Sum: 0.5]
         [Termination Attempts: Min: 1, Avg: 1.0, Max: 1, Diff: 0, Sum: 4]
      [GC Worker Other (ms): Min: 0.0, Avg: 0.0, Max: 0.0, Diff: 0.0, Sum: 0.0]
      [GC Worker Total (ms): Min: 9.5, Avg: 9.5, Max: 9.5, Diff: 0.0, Sum: 38.1]
      [GC Worker End (ms): Min: 1082.5, Avg: 1082.5, Max: 1082.5, Diff: 0.0]
   [Code Root Fixup: 0.0 ms]
   [Code Root Purge: 0.0 ms]
   [Clear CT: 0.0 ms]
   [Other: 0.6 ms]
      [Choose CSet: 0.0 ms]
      [Ref Proc: 0.1 ms]
      [Ref Enq: 0.0 ms]
      [Redirty Cards: 0.1 ms]
      [Humongous Register: 0.0 ms]
      [Humongous Reclaim: 0.1 ms]
      [Free CSet: 0.1 ms]
   [Eden: 66.0M(112.0M)->0.0B(74.0M) Survivors: 8192.0K->15.0M Heap: 167.3M(256.0M)->111.3M(256.0M)]
 [Times: user=0.02 sys=0.05, real=0.01 secs] 
[GC concurrent-root-region-scan-start]
[GC concurrent-root-region-scan-end, 0.0006724 secs]
[GC concurrent-mark-start]
[GC concurrent-mark-end, 0.0051139 secs]
[GC remark [Finalize Marking, 0.0001067 secs] [GC ref-proc, 0.0001812 secs] [Unloading, 0.0009496 secs], 0.0019437 secs]
 [Times: user=0.00 sys=0.00, real=0.00 secs] 
[GC cleanup 119M->119M(256M), 0.0004548 secs]
 [Times: user=0.00 sys=0.00, real=0.00 secs] 
[GC pause (G1 Evacuation Pause) (young), 0.0131084 secs]
   [Parallel Time: 12.4 ms, GC Workers: 4]
      [GC Worker Start (ms): Min: 1123.6, Avg: 1123.6, Max: 1123.7, Diff: 0.2]
      [Ext Root Scanning (ms): Min: 0.1, Avg: 0.1, Max: 0.2, Diff: 0.2, Sum: 0.6]
      [Update RS (ms): Min: 0.0, Avg: 0.2, Max: 0.3, Diff: 0.3, Sum: 0.9]
         [Processed Buffers: Min: 0, Avg: 3.3, Max: 5, Diff: 5, Sum: 13]
      [Scan RS (ms): Min: 0.0, Avg: 0.0, Max: 0.1, Diff: 0.1, Sum: 0.1]
      [Code Root Scanning (ms): Min: 0.0, Avg: 0.0, Max: 0.0, Diff: 0.0, Sum: 0.0]
      [Object Copy (ms): Min: 11.5, Avg: 11.7, Max: 11.9, Diff: 0.4, Sum: 46.9]
      [Termination (ms): Min: 0.0, Avg: 0.1, Max: 0.2, Diff: 0.2, Sum: 0.5]
         [Termination Attempts: Min: 1, Avg: 1.0, Max: 1, Diff: 0, Sum: 4]
      [GC Worker Other (ms): Min: 0.0, Avg: 0.0, Max: 0.0, Diff: 0.0, Sum: 0.1]
      [GC Worker Total (ms): Min: 12.2, Avg: 12.3, Max: 12.3, Diff: 0.1, Sum: 49.0]
      [GC Worker End (ms): Min: 1135.8, Avg: 1135.9, Max: 1136.0, Diff: 0.1]
   [Code Root Fixup: 0.0 ms]
   [Code Root Purge: 0.0 ms]
   [Clear CT: 0.2 ms]
   [Other: 0.5 ms]
      [Choose CSet: 0.0 ms]
      [Ref Proc: 0.1 ms]
      [Ref Enq: 0.0 ms]
      [Redirty Cards: 0.1 ms]
      [Humongous Register: 0.1 ms]
      [Humongous Reclaim: 0.1 ms]
      [Free CSet: 0.1 ms]
   [Eden: 74.0M(74.0M)->0.0B(59.0M) Survivors: 15.0M->12.0M Heap: 207.7M(256.0M)->143.9M(273.0M)]
 [Times: user=0.01 sys=0.03, real=0.01 secs] 
[GC pause (G1 Humongous Allocation) (young) (initial-mark), 0.0030894 secs]
   [Parallel Time: 2.6 ms, GC Workers: 4]
      [GC Worker Start (ms): Min: 1139.3, Avg: 1139.4, Max: 1139.6, Diff: 0.2]
      [Ext Root Scanning (ms): Min: 0.0, Avg: 0.2, Max: 0.3, Diff: 0.3, Sum: 0.8]
      [Update RS (ms): Min: 0.0, Avg: 0.6, Max: 1.6, Diff: 1.6, Sum: 2.2]
         [Processed Buffers: Min: 1, Avg: 1.3, Max: 2, Diff: 1, Sum: 5]
      [Scan RS (ms): Min: 0.0, Avg: 0.0, Max: 0.0, Diff: 0.0, Sum: 0.0]
      [Code Root Scanning (ms): Min: 0.0, Avg: 0.0, Max: 0.0, Diff: 0.0, Sum: 0.0]
      [Object Copy (ms): Min: 0.6, Avg: 1.4, Max: 2.0, Diff: 1.4, Sum: 5.8]
      [Termination (ms): Min: 0.0, Avg: 0.2, Max: 0.8, Diff: 0.8, Sum: 0.9]
         [Termination Attempts: Min: 1, Avg: 1.5, Max: 2, Diff: 1, Sum: 6]
      [GC Worker Other (ms): Min: 0.0, Avg: 0.0, Max: 0.0, Diff: 0.0, Sum: 0.0]
      [GC Worker Total (ms): Min: 2.2, Avg: 2.4, Max: 2.5, Diff: 0.3, Sum: 9.7]
      [GC Worker End (ms): Min: 1141.8, Avg: 1141.8, Max: 1141.8, Diff: 0.0]
   [Code Root Fixup: 0.0 ms]
   [Code Root Purge: 0.0 ms]
   [Clear CT: 0.1 ms]
   [Other: 0.5 ms]
      [Choose CSet: 0.0 ms]
      [Ref Proc: 0.1 ms]
      [Ref Enq: 0.0 ms]
      [Redirty Cards: 0.1 ms]
      [Humongous Register: 0.1 ms]
      [Humongous Reclaim: 0.0 ms]
      [Free CSet: 0.0 ms]
   [Eden: 6144.0K(59.0M)->0.0B(55.0M) Survivors: 12.0M->3072.0K Heap: 149.8M(273.0M)->148.3M(273.0M)]
 [Times: user=0.00 sys=0.00, real=0.00 secs] 
[GC concurrent-root-region-scan-start]
[GC concurrent-root-region-scan-end, 0.0001442 secs]
[GC concurrent-mark-start]
[GC concurrent-mark-end, 0.0067282 secs]
[GC remark [Finalize Marking, 0.0001129 secs] [GC ref-proc, 0.0001679 secs] [Unloading, 0.0007000 secs], 0.0017884 secs]
 [Times: user=0.00 sys=0.00, real=0.00 secs] 
[GC cleanup 164M->164M(273M), 0.0004953 secs]
 [Times: user=0.00 sys=0.00, real=0.00 secs] 
[GC pause (G1 Evacuation Pause) (young), 0.0048207 secs]
   [Parallel Time: 4.2 ms, GC Workers: 4]
      [GC Worker Start (ms): Min: 1174.4, Avg: 1175.7, Max: 1178.5, Diff: 4.1]
      [Ext Root Scanning (ms): Min: 0.0, Avg: 0.1, Max: 0.2, Diff: 0.2, Sum: 0.4]
      [Update RS (ms): Min: 0.0, Avg: 0.2, Max: 0.5, Diff: 0.5, Sum: 0.9]
         [Processed Buffers: Min: 0, Avg: 3.0, Max: 7, Diff: 7, Sum: 12]
      [Scan RS (ms): Min: 0.0, Avg: 0.0, Max: 0.0, Diff: 0.0, Sum: 0.1]
      [Code Root Scanning (ms): Min: 0.0, Avg: 0.0, Max: 0.0, Diff: 0.0, Sum: 0.0]
      [Object Copy (ms): Min: 0.0, Avg: 2.5, Max: 3.3, Diff: 3.3, Sum: 9.8]
      [Termination (ms): Min: 0.0, Avg: 0.1, Max: 0.1, Diff: 0.1, Sum: 0.3]
         [Termination Attempts: Min: 1, Avg: 1.0, Max: 1, Diff: 0, Sum: 4]
      [GC Worker Other (ms): Min: 0.0, Avg: 0.0, Max: 0.0, Diff: 0.0, Sum: 0.1]
      [GC Worker Total (ms): Min: 0.0, Avg: 2.9, Max: 4.2, Diff: 4.1, Sum: 11.6]
      [GC Worker End (ms): Min: 1178.5, Avg: 1178.6, Max: 1178.6, Diff: 0.0]
   [Code Root Fixup: 0.0 ms]
   [Code Root Purge: 0.0 ms]
   [Clear CT: 0.1 ms]
   [Other: 0.6 ms]
      [Choose CSet: 0.0 ms]
      [Ref Proc: 0.2 ms]
      [Ref Enq: 0.0 ms]
      [Redirty Cards: 0.0 ms]
      [Humongous Register: 0.1 ms]
      [Humongous Reclaim: 0.1 ms]
      [Free CSet: 0.1 ms]
   [Eden: 55.0M(55.0M)->0.0B(5120.0K) Survivors: 3072.0K->8192.0K Heap: 222.8M(273.0M)->174.4M(273.0M)]
 [Times: user=0.00 sys=0.00, real=0.01 secs] 
[GC pause (G1 Evacuation Pause) (mixed), 0.0045812 secs]
   [Parallel Time: 4.1 ms, GC Workers: 4]
      [GC Worker Start (ms): Min: 1182.7, Avg: 1184.7, Max: 1186.6, Diff: 4.0]
      [Ext Root Scanning (ms): Min: 0.0, Avg: 0.1, Max: 0.3, Diff: 0.3, Sum: 0.6]
      [Update RS (ms): Min: 0.0, Avg: 0.3, Max: 0.6, Diff: 0.6, Sum: 1.2]
         [Processed Buffers: Min: 0, Avg: 3.3, Max: 9, Diff: 9, Sum: 13]
      [Scan RS (ms): Min: 0.0, Avg: 0.0, Max: 0.0, Diff: 0.0, Sum: 0.1]
      [Code Root Scanning (ms): Min: 0.0, Avg: 0.0, Max: 0.0, Diff: 0.0, Sum: 0.0]
      [Object Copy (ms): Min: 0.0, Avg: 1.5, Max: 3.0, Diff: 3.0, Sum: 5.9]
      [Termination (ms): Min: 0.0, Avg: 0.1, Max: 0.1, Diff: 0.1, Sum: 0.3]
         [Termination Attempts: Min: 1, Avg: 1.0, Max: 1, Diff: 0, Sum: 4]
      [GC Worker Other (ms): Min: 0.0, Avg: 0.0, Max: 0.0, Diff: 0.0, Sum: 0.0]
      [GC Worker Total (ms): Min: 0.0, Avg: 2.0, Max: 4.0, Diff: 4.0, Sum: 8.1]
      [GC Worker End (ms): Min: 1186.7, Avg: 1186.7, Max: 1186.7, Diff: 0.0]
   [Code Root Fixup: 0.0 ms]
   [Code Root Purge: 0.0 ms]
   [Clear CT: 0.1 ms]
   [Other: 0.5 ms]
      [Choose CSet: 0.0 ms]
      [Ref Proc: 0.2 ms]
      [Ref Enq: 0.0 ms]
      [Redirty Cards: 0.0 ms]
      [Humongous Register: 0.1 ms]
      [Humongous Reclaim: 0.0 ms]
      [Free CSet: 0.0 ms]
   [Eden: 5120.0K(5120.0K)->0.0B(37.0M) Survivors: 8192.0K->2048.0K Heap: 181.1M(273.0M)->168.6M(273.0M)]
 [Times: user=0.00 sys=0.00, real=0.00 secs] 
[GC pause (G1 Humongous Allocation) (young) (initial-mark), 0.0112947 secs]
   [Parallel Time: 1.2 ms, GC Workers: 4]
      [GC Worker Start (ms): Min: 1190.7, Avg: 1190.9, Max: 1191.1, Diff: 0.3]
      [Ext Root Scanning (ms): Min: 0.0, Avg: 0.4, Max: 0.8, Diff: 0.8, Sum: 1.7]
      [Update RS (ms): Min: 0.0, Avg: 0.1, Max: 0.2, Diff: 0.2, Sum: 0.3]
         [Processed Buffers: Min: 0, Avg: 0.8, Max: 2, Diff: 2, Sum: 3]
      [Scan RS (ms): Min: 0.0, Avg: 0.0, Max: 0.0, Diff: 0.0, Sum: 0.0]
      [Code Root Scanning (ms): Min: 0.0, Avg: 0.0, Max: 0.0, Diff: 0.0, Sum: 0.0]
      [Object Copy (ms): Min: 0.0, Avg: 0.4, Max: 0.6, Diff: 0.6, Sum: 1.5]
      [Termination (ms): Min: 0.0, Avg: 0.1, Max: 0.1, Diff: 0.1, Sum: 0.2]
         [Termination Attempts: Min: 1, Avg: 1.0, Max: 1, Diff: 0, Sum: 4]
      [GC Worker Other (ms): Min: 0.0, Avg: 0.0, Max: 0.0, Diff: 0.0, Sum: 0.0]
      [GC Worker Total (ms): Min: 0.8, Avg: 1.0, Max: 1.1, Diff: 0.3, Sum: 3.8]
      [GC Worker End (ms): Min: 1191.8, Avg: 1191.9, Max: 1191.9, Diff: 0.0]
   [Code Root Fixup: 0.0 ms]
   [Code Root Purge: 0.0 ms]
   [Clear CT: 0.1 ms]
   [Other: 10.0 ms]
      [Choose CSet: 0.0 ms]
      [Ref Proc: 0.2 ms]
      [Ref Enq: 0.0 ms]
      [Redirty Cards: 0.3 ms]
      [Humongous Register: 0.1 ms]
      [Humongous Reclaim: 0.1 ms]
      [Free CSet: 0.0 ms]
   [Eden: 3072.0K(37.0M)->0.0B(220.0M) Survivors: 2048.0K->3072.0K Heap: 171.0M(273.0M)->169.4M(546.0M)]
 [Times: user=0.00 sys=0.00, real=0.01 secs] 
[GC concurrent-root-region-scan-start]
[GC concurrent-root-region-scan-end, 0.0001645 secs]
[GC concurrent-mark-start]
[GC concurrent-mark-end, 0.0074810 secs]
[GC remark [Finalize Marking, 0.0001561 secs] [GC ref-proc, 0.0001471 secs] [Unloading, 0.0008387 secs], 0.0022942 secs]
 [Times: user=0.00 sys=0.00, real=0.00 secs] 
[GC cleanup 174M->174M(546M), 0.0006675 secs]
 [Times: user=0.00 sys=0.00, real=0.00 secs] 
[GC pause (G1 Evacuation Pause) (young), 0.0387512 secs]
   [Parallel Time: 17.4 ms, GC Workers: 4]
      [GC Worker Start (ms): Min: 1566.2, Avg: 1566.6, Max: 1568.0, Diff: 1.8]
      [Ext Root Scanning (ms): Min: 0.0, Avg: 0.2, Max: 0.2, Diff: 0.2, Sum: 0.6]
      [Update RS (ms): Min: 0.0, Avg: 0.3, Max: 0.5, Diff: 0.5, Sum: 1.3]
         [Processed Buffers: Min: 0, Avg: 3.5, Max: 7, Diff: 7, Sum: 14]
      [Scan RS (ms): Min: 0.0, Avg: 0.0, Max: 0.1, Diff: 0.0, Sum: 0.2]
      [Code Root Scanning (ms): Min: 0.0, Avg: 0.0, Max: 0.0, Diff: 0.0, Sum: 0.0]
      [Object Copy (ms): Min: 15.2, Avg: 16.1, Max: 16.5, Diff: 1.4, Sum: 64.4]
      [Termination (ms): Min: 0.0, Avg: 0.2, Max: 0.3, Diff: 0.3, Sum: 0.8]
         [Termination Attempts: Min: 1, Avg: 1.0, Max: 1, Diff: 0, Sum: 4]
      [GC Worker Other (ms): Min: 0.0, Avg: 0.0, Max: 0.0, Diff: 0.0, Sum: 0.1]
      [GC Worker Total (ms): Min: 15.6, Avg: 16.9, Max: 17.3, Diff: 1.7, Sum: 67.4]
      [GC Worker End (ms): Min: 1583.5, Avg: 1583.5, Max: 1583.5, Diff: 0.0]
   [Code Root Fixup: 0.0 ms]
   [Code Root Purge: 0.0 ms]
   [Clear CT: 0.1 ms]
   [Other: 21.3 ms]
      [Choose CSet: 0.0 ms]
      [Ref Proc: 0.2 ms]
      [Ref Enq: 0.0 ms]
      [Redirty Cards: 0.1 ms]
      [Humongous Register: 0.1 ms]
      [Humongous Reclaim: 0.1 ms]
      [Free CSet: 0.2 ms]
   [Eden: 220.0M(220.0M)->0.0B(305.0M) Survivors: 3072.0K->28.0M Heap: 446.6M(546.0M)->250.1M(1134.0M)]
 [Times: user=0.06 sys=0.02, real=0.04 secs] 
执行结束!共生成对象次数:3104
Heap
 garbage-first heap   total 1161216K, used 335359K [0x00000006c1e00000, 0x00000006c1f02370, 0x00000007c0000000)
  region size 1024K, 89 young (91136K), 28 survivors (28672K)
 Metaspace       used 4109K, capacity 4572K, committed 4864K, reserved 1056768K
  class space    used 455K, capacity 460K, committed 512K, reserved 1048576K